Reading character starting at index 0 to 10 with an interval of 1

Reading character at index 0   : data = A : hit count = 0   : miss count = 1   : read data count = 1
Reading character at index 1   : data = l : hit count = 1   : miss count = 1   : read data count = 1
Reading character at index 2   : data = i : hit count = 2   : miss count = 1   : read data count = 1
Reading character at index 3   : data = c : hit count = 3   : miss count = 1   : read data count = 1
Reading character at index 4   : data = e : hit count = 4   : miss count = 1   : read data count = 1
Reading character at index 5   : data = ' : hit count = 5   : miss count = 1   : read data count = 1
Reading character at index 6   : data = s : hit count = 6   : miss count = 1   : read data count = 1
Reading character at index 7   : data =   : hit count = 7   : miss count = 1   : read data count = 1
Reading character at index 8   : data = A : hit count = 8   : miss count = 1   : read data count = 1
Reading character at index 9   : data = d : hit count = 9   : miss count = 1   : read data count = 1
