Reading character starting at index 0 to 50 with an interval of 10

Reading character at index 0   : data = A : hit count = 0   : miss count = 1   : read data count = 1
Reading character at index 10  : data = v : hit count = 1   : miss count = 1   : read data count = 1
Reading character at index 20  : data = n : hit count = 2   : miss count = 1   : read data count = 1
Reading character at index 30  : data = n : hit count = 3   : miss count = 1   : read data count = 1
Reading character at index 40  : data =   : hit count = 3   : miss count = 2   : read data count = 2
