Reading character starting at index 0 to 64 with an interval of 16

Reading character at index 0   : data = A : hit count = 0   : miss count = 1   : read data count = 1
Reading character at index 16  : data = e : hit count = 1   : miss count = 1   : read data count = 1
Reading character at index 32  : data =
 : hit count = 1   : miss count = 2   : read data count = 2
Reading character at index 48  : data =   : hit count = 2   : miss count = 2   : read data count = 2
