Reading character starting at index 0 to 100 with an interval of 31

Reading character at index 0   : data = A : hit count = 0   : miss count = 1   : read data count = 1
Reading character at index 31  : data = d : hit count = 1   : miss count = 1   : read data count = 1
Reading character at index 62  : data = N : hit count = 1   : miss count = 2   : read data count = 2
Reading character at index 93  : data =   : hit count = 1   : miss count = 3   : read data count = 3
